16:27:15 busy: 30.7 /System/Library/PrivateFrameworks/SkyLight.framework/Resources/WindowServer
16:27:20 busy: 29.1 /System/Library/PrivateFrameworks/SkyLight.framework/Resources/WindowServer
16:27:55 busy: 48.4 Paseo
16:28:00 busy: 64.9 /System/Library/PrivateFrameworks/WorkflowKit.framework/XPCServices/BackgroundShortcutRunner.xpc/Contents/MacOS/BackgroundShortcutRunner
16:28:05 busy: 65.3 /System/Library/PrivateFrameworks/WorkflowKit.framework/XPCServices/BackgroundShortcutRunner.xpc/Contents/MacOS/BackgroundShortcutRunner
16:28:10 busy: 68.5 /System/Library/PrivateFrameworks/WorkflowKit.framework/XPCServices/BackgroundShortcutRunner.xpc/Contents/MacOS/BackgroundShortcutRunner
16:28:45 busy: 46.8 Paseo
16:29:00 busy: 41.2 /sbin/launchd
16:29:06 busy: 43.1 /Applications/Paseo.app/Contents/Frameworks/Paseo
16:29:11 busy: 41.4 /Applications/Paseo.app/Contents/Frameworks/Paseo
16:29:16 busy: 64.1 /Applications/Paseo.app/Contents/Frameworks/Paseo
16:29:21 busy: 45.0 /System/Library/PrivateFrameworks/SkyLight.framework/Resources/WindowServer
16:29:26 busy: 99.0 /usr/libexec/duetexpertd
16:29:41 busy: 70.1 /Applications/Paseo.app/Contents/Frameworks/Paseo
16:30:11 busy: 86.7 /Applications/Devin.app/Contents/Frameworks/Devin
16:30:21 busy: 26.2 /System/Library/Frameworks/WebKit.framework/Versions/A/XPCServices/com.apple.WebKit.WebContent.xpc/Contents/MacOS/com.apple.WebKit.WebContent
16:30:31 busy: 35.3 /Applications/Devin.app/Contents/Frameworks/Devin
16:30:41 busy: 37.9 /System/Library/PrivateFrameworks/SkyLight.framework/Resources/WindowServer
16:31:12 busy: 28.3 /System/Library/PrivateFrameworks/SkyLight.framework/Resources/WindowServer
16:31:17 busy: 30.4 /System/Library/PrivateFrameworks/SkyLight.framework/Resources/WindowServer
16:31:22 busy: 28.4 /System/Library/PrivateFrameworks/SkyLight.framework/Resources/WindowServer
16:31:27 busy: 30.2 /System/Library/PrivateFrameworks/SkyLight.framework/Resources/WindowServer
16:31:32 busy: 66.5 /Applications/Paseo.app/Contents/Frameworks/Paseo
16:31:37 busy: 72.3 /Applications/Paseo.app/Contents/Frameworks/Paseo
16:31:42 busy: 66.6 /Applications/Paseo.app/Contents/Frameworks/Paseo
16:31:47 busy: 74.6 /Applications/Paseo.app/Contents/Frameworks/Paseo
16:31:52 busy: 70.4 /Applications/Paseo.app/Contents/Frameworks/Paseo
16:32:27 busy: 41.0 Paseo
16:33:43 busy: 28.9 /Applications/Paseo.app/Contents/Frameworks/Paseo
16:33:53 busy: 25.1 /System/Library/PrivateFrameworks/SkyLight.framework/Resources/WindowServer
16:33:58 busy: 27.6 /System/Library/PrivateFrameworks/SkyLight.framework/Resources/WindowServer
16:34:03 busy: 26.5 /System/Library/PrivateFrameworks/SkyLight.framework/Resources/WindowServer
16:34:08 busy: 29.7 /System/Library/PrivateFrameworks/SkyLight.framework/Resources/WindowServer
16:34:13 busy: 28.9 /System/Library/PrivateFrameworks/SkyLight.framework/Resources/WindowServer
16:34:18 busy: 32.9 /System/Library/PrivateFrameworks/SkyLight.framework/Resources/WindowServer
16:34:23 busy: 35.6 /System/Library/PrivateFrameworks/SkyLight.framework/Resources/WindowServer
16:34:28 busy: 68.3 /Applications/Xcode.app/Contents/Developer/usr/libexec/git-core/git
16:34:33 busy: 62.1 /Applications/Xcode.app/Contents/Developer/usr/libexec/git-core/git
16:34:38 busy: 41.6 /Applications/Paseo.app/Contents/Frameworks/Paseo
16:34:43 busy: 32.8 /System/Library/PrivateFrameworks/SkyLight.framework/Resources/WindowServer
16:34:48 busy: 27.8 /Applications/Google
16:34:53 busy: 35.3 /System/Library/PrivateFrameworks/SkyLight.framework/Resources/WindowServer
16:34:58 busy: 31.2 /System/Library/PrivateFrameworks/SkyLight.framework/Resources/WindowServer
16:35:03 busy: 81.3 /System/Library/Frameworks/CoreServices.framework/Versions/A/Frameworks/FSEvents.framework/Versions/A/Support/fseventsd
16:35:08 busy: 45.9 /System/Library/Frameworks/CoreServices.framework/Versions/A/Frameworks/Metadata.framework/Versions/A/Support/mds
16:35:14 busy: 36.2 /Applications/Paseo.app/Contents/Frameworks/Paseo
16:35:19 busy: 106.8 /Applications/Paseo.app/Contents/Frameworks/Paseo
16:35:24 busy: 31.3 /System/Library/PrivateFrameworks/SkyLight.framework/Resources/WindowServer
16:35:29 busy: 95.0 /Applications/Paseo.app/Contents/Frameworks/Paseo
16:35:34 busy: 36.5 /System/Library/PrivateFrameworks/SkyLight.framework/Resources/WindowServer
16:35:39 busy: 26.5 /System/Library/PrivateFrameworks/SkyLight.framework/Resources/WindowServer
16:35:44 busy: 29.5 /System/Library/PrivateFrameworks/SkyLight.framework/Resources/WindowServer
16:35:49 busy: 32.2 /System/Library/PrivateFrameworks/SkyLight.framework/Resources/WindowServer
16:35:54 busy: 33.8 /System/Library/PrivateFrameworks/SkyLight.framework/Resources/WindowServer
16:35:59 busy: 34.8 /System/Library/PrivateFrameworks/SkyLight.framework/Resources/WindowServer
16:36:04 busy: 32.1 /System/Library/PrivateFrameworks/SkyLight.framework/Resources/WindowServer
16:36:09 busy: 110.2 /Applications/Paseo.app/Contents/Frameworks/Paseo
16:36:14 busy: 63.9 /Applications/Paseo.app/Contents/Frameworks/Paseo
16:36:19 busy: 28.3 /System/Library/PrivateFrameworks/SkyLight.framework/Resources/WindowServer
16:36:24 busy: 26.9 /System/Library/PrivateFrameworks/SkyLight.framework/Resources/WindowServer
16:36:29 busy: 30.3 /System/Library/PrivateFrameworks/SkyLight.framework/Resources/WindowServer
16:36:34 busy: 27.4 /System/Library/PrivateFrameworks/SkyLight.framework/Resources/WindowServer
16:36:39 busy: 28.0 /Applications/Devin.app/Contents/Resources/app/extensions/windsurf/devin/bin/devin
16:36:44 busy: 188.1 /Applications/Devin.app/Contents/Frameworks/Devin
16:36:49 busy: 30.2 /System/Library/PrivateFrameworks/SkyLight.framework/Resources/WindowServer
16:36:54 busy: 28.8 /System/Library/PrivateFrameworks/SkyLight.framework/Resources/WindowServer
16:36:59 busy: 51.7 /Applications/Paseo.app/Contents/Frameworks/Paseo
16:37:04 busy: 35.7 /System/Library/PrivateFrameworks/SkyLight.framework/Resources/WindowServer
16:37:09 busy: 45.8 /Applications/Paseo.app/Contents/Frameworks/Paseo
16:37:15 busy: 32.3 /System/Library/PrivateFrameworks/SkyLight.framework/Resources/WindowServer
16:37:20 busy: 37.3 /System/Library/PrivateFrameworks/SkyLight.framework/Resources/WindowServer
16:37:25 busy: 102.8 /Applications/Paseo.app/Contents/Frameworks/Paseo
16:37:30 busy: 47.3 /System/Library/PrivateFrameworks/SkyLight.framework/Resources/WindowServer
16:37:35 busy: 97.8 /usr/libexec/duetexpertd
16:38:05 busy: 36.7 /System/Library/PrivateFrameworks/SkyLight.framework/Resources/WindowServer
16:38:10 busy: 32.5 /Applications/Paseo.app/Contents/Frameworks/Paseo
16:38:15 busy: 104.6 /System/Library/PrivateFrameworks/MediaAnalysis.framework/Versions/A/mediaanalysisd
16:38:20 busy: 25.7 /System/Library/PrivateFrameworks/SkyLight.framework/Resources/WindowServer
16:38:25 busy: 50.6 /System/Library/PrivateFrameworks/SkyLight.framework/Resources/WindowServer
16:38:30 busy: 30.5 /System/Library/PrivateFrameworks/SkyLight.framework/Resources/WindowServer
16:38:35 busy: 36.3 /System/Library/PrivateFrameworks/SkyLight.framework/Resources/WindowServer
16:38:40 busy: 28.3 /System/Library/PrivateFrameworks/SkyLight.framework/Resources/WindowServer
16:38:45 busy: 84.6 /Applications/Xcode.app/Contents/Developer/usr/libexec/git-core/git
16:38:50 busy: 85.9 /Applications/Devin.app/Contents/Frameworks/Devin
16:38:55 busy: 27.7 /System/Library/PrivateFrameworks/SkyLight.framework/Resources/WindowServer
16:39:00 busy: 103.4 /System/Library/PrivateFrameworks/MediaAnalysis.framework/Versions/A/mediaanalysisd
16:39:05 busy: 102.3 /System/Library/Frameworks/CoreServices.framework/Versions/A/Frameworks/Metadata.framework/Versions/A/Support/mds_stores
16:39:10 busy: 35.2 /System/Library/PrivateFrameworks/SkyLight.framework/Resources/WindowServer
16:39:15 busy: 28.9 /System/Library/PrivateFrameworks/SkyLight.framework/Resources/WindowServer
16:39:21 busy: 31.7 /System/Library/PrivateFrameworks/SkyLight.framework/Resources/WindowServer
16:39:26 busy: 30.7 /System/Library/PrivateFrameworks/SkyLight.framework/Resources/WindowServer
16:39:31 busy: 44.4 /sbin/launchd
16:39:36 busy: 36.2 /System/Library/PrivateFrameworks/SkyLight.framework/Resources/WindowServer
16:39:41 busy: 35.3 /System/Library/PrivateFrameworks/SkyLight.framework/Resources/WindowServer
16:39:46 busy: 41.5 /System/Library/PrivateFrameworks/SkyLight.framework/Resources/WindowServer
16:39:51 busy: 49.3 /Users/amin/.cache/uv/archive-v0/R6jb9YNlUyg1n0kb/bin/python
16:39:56 busy: 27.5 /System/Library/PrivateFrameworks/SkyLight.framework/Resources/WindowServer
16:40:01 busy: 33.3 /System/Library/PrivateFrameworks/SkyLight.framework/Resources/WindowServer
16:40:06 busy: 31.7 /System/Library/PrivateFrameworks/SkyLight.framework/Resources/WindowServer
16:40:11 busy: 29.1 /System/Library/PrivateFrameworks/SkyLight.framework/Resources/WindowServer
16:40:16 busy: 30.9 /System/Library/PrivateFrameworks/SkyLight.framework/Resources/WindowServer
16:40:21 busy: 30.1 /System/Library/PrivateFrameworks/SkyLight.framework/Resources/WindowServer
16:40:26 busy: 38.9 /System/Library/PrivateFrameworks/SkyLight.framework/Resources/WindowServer
16:40:31 busy: 28.9 /System/Library/PrivateFrameworks/SkyLight.framework/Resources/WindowServer
16:40:36 busy: 37.7 /System/Library/PrivateFrameworks/SkyLight.framework/Resources/WindowServer
16:40:41 busy: 42.0 /System/Library/PrivateFrameworks/SkyLight.framework/Resources/WindowServer
16:40:46 busy: 38.4 /System/Library/PrivateFrameworks/SkyLight.framework/Resources/WindowServer
16:40:51 busy: 41.8 /System/Library/PrivateFrameworks/SkyLight.framework/Resources/WindowServer
16:40:56 busy: 41.4 /System/Library/PrivateFrameworks/SkyLight.framework/Resources/WindowServer
16:41:01 busy: 71.4 ffmpeg
16:41:06 busy: 63.5 /Applications/Paseo.app/Contents/Frameworks/Paseo
16:41:11 busy: 39.3 /System/Library/PrivateFrameworks/SkyLight.framework/Resources/WindowServer
16:41:16 busy: 34.6 /System/Library/PrivateFrameworks/SkyLight.framework/Resources/WindowServer
16:41:22 busy: 60.6 /Users/amin/repo/decisio-t7/.venv/bin/python
16:41:27 busy: 29.9 /System/Library/PrivateFrameworks/SkyLight.framework/Resources/WindowServer
16:41:32 busy: 45.2 /System/Library/PrivateFrameworks/SkyLight.framework/Resources/WindowServer
16:41:37 busy: 50.2 /Users/amin/repo/decisio-t7/.venv/bin/python
16:41:42 busy: 40.9 /System/Library/PrivateFrameworks/SkyLight.framework/Resources/WindowServer
16:41:47 busy: 72.7 /Users/amin/repo/decisio-t7/.venv/bin/python
16:41:52 busy: 84.1 /Users/amin/repo/decisio-t7/.venv/bin/python
16:41:57 busy: 37.8 /System/Library/PrivateFrameworks/SkyLight.framework/Resources/WindowServer
16:42:02 busy: 37.8 /System/Library/PrivateFrameworks/SkyLight.framework/Resources/WindowServer
16:42:07 busy: 28.2 /System/Library/PrivateFrameworks/SkyLight.framework/Resources/WindowServer
16:42:12 busy: 28.2 /System/Library/PrivateFrameworks/SkyLight.framework/Resources/WindowServer
16:42:17 busy: 40.7 /System/Library/PrivateFrameworks/SkyLight.framework/Resources/WindowServer
16:42:22 busy: 38.7 /System/Library/PrivateFrameworks/SkyLight.framework/Resources/WindowServer
16:42:27 busy: 37.1 /System/Library/PrivateFrameworks/SkyLight.framework/Resources/WindowServer
16:42:32 busy: 53.7 /System/Library/Frameworks/CoreServices.framework/Versions/A/Frameworks/FSEvents.framework/Versions/A/Support/fseventsd
16:42:37 busy: 75.0 /Users/amin/repo/decisio-t7/.venv/bin/python
16:42:42 busy: 110.8 /Users/amin/repo/decisio-t7/.venv/bin/python
16:42:47 busy: 29.8 /System/Library/PrivateFrameworks/SkyLight.framework/Resources/WindowServer
16:42:52 busy: 28.1 /System/Library/PrivateFrameworks/SkyLight.framework/Resources/WindowServer
16:42:57 busy: 37.0 /System/Library/PrivateFrameworks/SkyLight.framework/Resources/WindowServer
16:43:02 busy: 48.0 /Applications/Paseo.app/Contents/Frameworks/Paseo
16:43:07 busy: 86.2 /Users/amin/repo/decisio-t7/.venv/bin/python
16:43:12 busy: 39.3 /System/Library/PrivateFrameworks/SkyLight.framework/Resources/WindowServer
16:43:17 busy: 30.5 /System/Library/PrivateFrameworks/SkyLight.framework/Resources/WindowServer
16:43:22 busy: 35.0 /System/Library/PrivateFrameworks/SkyLight.framework/Resources/WindowServer
16:43:27 busy: 34.7 /System/Library/PrivateFrameworks/SkyLight.framework/Resources/WindowServer
16:43:33 busy: 31.9 /System/Library/PrivateFrameworks/SkyLight.framework/Resources/WindowServer
16:43:38 busy: 84.6 /Applications/Paseo.app/Contents/Frameworks/Paseo
16:43:43 busy: 28.5 /System/Library/PrivateFrameworks/SkyLight.framework/Resources/WindowServer
16:43:48 busy: 76.5 /System/Library/Frameworks/CoreServices.framework/Versions/A/Frameworks/FSEvents.framework/Versions/A/Support/fseventsd
16:43:53 busy: 280.2 /Users/amin/repo/decisio-t7/.venv/bin/python
16:43:58 busy: 107.2 /Users/amin/repo/decisio-t7/.venv/bin/python
16:44:03 busy: 25.5 /System/Library/PrivateFrameworks/SkyLight.framework/Resources/WindowServer
16:44:08 busy: 29.7 /System/Library/PrivateFrameworks/SkyLight.framework/Resources/WindowServer
16:44:13 busy: 94.1 /Applications/Paseo.app/Contents/Frameworks/Paseo
16:44:18 busy: 28.1 /System/Library/PrivateFrameworks/SkyLight.framework/Resources/WindowServer
16:44:23 busy: 30.0 /System/Library/PrivateFrameworks/SkyLight.framework/Resources/WindowServer
16:44:28 busy: 36.6 /System/Library/PrivateFrameworks/SkyLight.framework/Resources/WindowServer
16:44:33 busy: 76.4 /Applications/Paseo.app/Contents/Frameworks/Paseo
16:44:38 busy: 45.6 /System/Library/PrivateFrameworks/SkyLight.framework/Resources/WindowServer
16:44:43 busy: 44.5 /System/Library/PrivateFrameworks/SkyLight.framework/Resources/WindowServer
16:44:48 busy: 79.2 /Users/amin/repo/decisio-t7/.venv/bin/python
16:44:53 busy: 27.9 /System/Library/PrivateFrameworks/SkyLight.framework/Resources/WindowServer
16:44:58 busy: 77.0 /Users/amin/repo/decisio-t7/.venv/bin/python
16:45:03 busy: 35.6 /System/Library/PrivateFrameworks/SkyLight.framework/Resources/WindowServer
16:45:08 busy: 66.1 /Users/amin/repo/decisio-t7/.venv/bin/python
16:45:13 busy: 83.4 /Applications/Xcode.app/Contents/Developer/usr/libexec/git-core/git
16:45:18 busy: 79.5 /Users/amin/repo/decisio-t7/.venv/bin/python
16:45:23 busy: 138.7 /Users/amin/repo/decisio-t7/.venv/bin/python
16:45:28 busy: 35.5 /System/Library/PrivateFrameworks/SkyLight.framework/Resources/WindowServer
16:45:33 busy: 34.3 /System/Library/PrivateFrameworks/SkyLight.framework/Resources/WindowServer
16:45:38 busy: 38.1 /System/Library/PrivateFrameworks/SkyLight.framework/Resources/WindowServer
16:45:43 busy: 88.8 /Applications/Paseo.app/Contents/Frameworks/Paseo
16:45:49 busy: 33.2 /usr/libexec/duetexpertd
16:45:54 busy: 36.6 /System/Library/Frameworks/WebKit.framework/Versions/A/XPCServices/com.apple.WebKit.WebContent.xpc/Contents/MacOS/com.apple.WebKit.WebContent
16:46:09 busy: 86.7 /Users/amin/repo/decisio-t7/.venv/bin/python
16:46:14 busy: 106.6 /Users/amin/repo/decisio-t7/.venv/bin/python
16:46:19 busy: 98.8 /Users/amin/repo/decisio-t7/.venv/bin/python
16:46:24 busy: 109.1 /Users/amin/repo/decisio-t7/.venv/bin/python
16:46:29 busy: 141.9 /Users/amin/repo/decisio-t7/.venv/bin/python
16:46:34 busy: 141.7 /Users/amin/repo/decisio-t7/.venv/bin/python
16:46:39 busy: 143.1 /Users/amin/repo/decisio-t7/.venv/bin/python
16:46:44 busy: 196.0 /Users/amin/repo/decisio-t7/.venv/bin/python
16:46:49 busy: 335.7 /Users/amin/repo/decisio-t7/.venv/bin/python
16:46:54 busy: 188.9 /Users/amin/repo/decisio-t7/.venv/bin/python
16:46:59 busy: 143.9 /Users/amin/repo/decisio-t7/.venv/bin/python
16:47:04 busy: 144.5 /Users/amin/repo/decisio-t7/.venv/bin/python
16:47:09 busy: 144.6 /Users/amin/repo/decisio-t7/.venv/bin/python
16:47:14 busy: 143.1 /Users/amin/repo/decisio-t7/.venv/bin/python
16:47:19 busy: 140.1 /Users/amin/repo/decisio-t7/.venv/bin/python
16:47:24 busy: 146.4 /Users/amin/repo/decisio-t7/.venv/bin/python
16:47:29 busy: 178.2 /Users/amin/repo/decisio-t7/.venv/bin/python
16:47:34 busy: 141.6 /Users/amin/repo/decisio-t7/.venv/bin/python
16:47:39 busy: 197.0 /Users/amin/repo/decisio-t7/.venv/bin/python
16:47:44 busy: 134.0 /Users/amin/repo/decisio-t7/.venv/bin/python
16:47:49 busy: 145.1 /Users/amin/repo/decisio-t7/.venv/bin/python
16:47:54 busy: 175.6 /Users/amin/repo/decisio-t7/.venv/bin/python
16:47:59 busy: 175.7 /Users/amin/repo/decisio-t7/.venv/bin/python
16:48:04 busy: 194.1 /Users/amin/repo/decisio-t7/.venv/bin/python
16:48:09 busy: 144.2 /Users/amin/repo/decisio-t7/.venv/bin/python
16:48:14 busy: 136.6 /Users/amin/repo/decisio-t7/.venv/bin/python
16:48:19 busy: 132.7 /Users/amin/repo/decisio-t7/.venv/bin/python
16:48:24 busy: 140.6 /Users/amin/repo/decisio-t7/.venv/bin/python
16:48:30 busy: 142.4 /Users/amin/repo/decisio-t7/.venv/bin/python
16:48:35 busy: 33.7 /System/Library/PrivateFrameworks/SkyLight.framework/Resources/WindowServer
16:48:40 busy: 145.2 /Users/amin/repo/decisio-t7/.venv/bin/python
16:48:45 busy: 149.0 /Users/amin/repo/decisio-t7/.venv/bin/python
16:48:50 busy: 138.7 /Users/amin/repo/decisio-t7/.venv/bin/python
16:48:55 busy: 144.9 /Users/amin/repo/decisio-t7/.venv/bin/python
16:49:00 busy: 140.3 /Users/amin/repo/decisio-t7/.venv/bin/python
16:49:05 busy: 145.9 /Users/amin/repo/decisio-t7/.venv/bin/python
16:49:10 busy: 146.0 /Users/amin/repo/decisio-t7/.venv/bin/python
16:49:15 busy: 149.4 /Users/amin/repo/decisio-t7/.venv/bin/python
16:49:20 busy: 149.6 /Users/amin/repo/decisio-t7/.venv/bin/python
16:49:25 busy: 45.3 /Users/amin/repo/decisio-t7/.venv/bin/python
16:49:30 busy: 46.2 /Users/amin/repo/decisio-t7/.venv/bin/python
16:49:35 busy: 33.8 /System/Library/PrivateFrameworks/SkyLight.framework/Resources/WindowServer
16:49:40 busy: 40.2 /System/Library/PrivateFrameworks/SkyLight.framework/Resources/WindowServer
16:49:45 busy: 38.3 /System/Library/PrivateFrameworks/SkyLight.framework/Resources/WindowServer
16:49:50 busy: 30.8 /System/Library/PrivateFrameworks/SkyLight.framework/Resources/WindowServer
16:49:55 busy: 38.5 /System/Library/PrivateFrameworks/SkyLight.framework/Resources/WindowServer
16:50:00 busy: 36.8 /System/Library/PrivateFrameworks/SkyLight.framework/Resources/WindowServer
16:50:05 busy: 35.9 /System/Library/PrivateFrameworks/SkyLight.framework/Resources/WindowServer
16:50:10 busy: 50.4 /usr/libexec/searchpartyd
16:50:15 busy: 28.4 /System/Library/PrivateFrameworks/SkyLight.framework/Resources/WindowServer
16:50:20 busy: 138.4 /Applications/Paseo.app/Contents/Frameworks/Paseo
16:50:25 busy: 67.2 /usr/bin/perl
16:50:30 busy: 40.6 /System/Library/PrivateFrameworks/SkyLight.framework/Resources/WindowServer
16:50:35 busy: 43.0 /System/Library/PrivateFrameworks/SkyLight.framework/Resources/WindowServer
16:50:40 busy: 50.2 .venv/bin/python
16:50:46 busy: 35.8 /System/Library/PrivateFrameworks/SkyLight.framework/Resources/WindowServer
16:50:51 busy: 52.4 /System/Library/PrivateFrameworks/XprotectFramework.framework/Versions/A/XPCServices/XprotectService.xpc/Contents/MacOS/XprotectService
16:50:56 busy: 66.8 /System/Library/PrivateFrameworks/XprotectFramework.framework/Versions/A/XPCServices/XprotectService.xpc/Contents/MacOS/XprotectService
16:51:01 busy: 38.6 /sbin/launchd
16:51:06 busy: 85.9 /tmp/t7_ps/decisio/.venv/bin/python
16:51:11 busy: 35.1 /System/Library/PrivateFrameworks/SkyLight.framework/Resources/WindowServer
16:51:16 busy: 44.7 /tmp/t7_ps/decisio/.venv/bin/python
16:51:21 busy: 38.1 /System/Library/PrivateFrameworks/SkyLight.framework/Resources/WindowServer
16:51:26 busy: 39.3 /System/Library/PrivateFrameworks/SkyLight.framework/Resources/WindowServer
16:51:31 busy: 38.2 /System/Library/PrivateFrameworks/SkyLight.framework/Resources/WindowServer
16:51:36 busy: 30.2 /System/Library/PrivateFrameworks/SkyLight.framework/Resources/WindowServer
16:51:41 busy: 32.6 /System/Library/PrivateFrameworks/SkyLight.framework/Resources/WindowServer
16:51:46 busy: 43.2 /tmp/t7_ps/decisio/.venv/bin/python
16:51:51 busy: 33.2 /System/Library/PrivateFrameworks/SkyLight.framework/Resources/WindowServer
16:51:56 busy: 35.3 /usr/libexec/mlhostd
16:52:01 busy: 102.0 /tmp/t7_ps/decisio/.venv/bin/python
16:52:06 busy: 28.8 /System/Library/PrivateFrameworks/SkyLight.framework/Resources/WindowServer
16:52:11 busy: 95.6 /tmp/t7_ps/decisio/.venv/bin/python
16:52:16 busy: 60.3 /tmp/t7_ps/decisio/.venv/bin/python
16:52:21 busy: 88.6 /tmp/t7_ps/decisio/.venv/bin/python
16:52:26 busy: 84.2 /tmp/t7_ps/decisio/.venv/bin/python
16:52:31 busy: 143.7 /tmp/t7_ps/decisio/.venv/bin/python
16:52:36 busy: 134.5 /tmp/t7_ps/decisio/.venv/bin/python
16:52:41 busy: 176.6 /tmp/t7_ps/decisio/.venv/bin/python
16:52:46 busy: 189.7 /tmp/t7_ps/decisio/.venv/bin/python
16:52:51 busy: 181.2 /tmp/t7_ps/decisio/.venv/bin/python
16:52:56 busy: 175.1 /tmp/t7_ps/decisio/.venv/bin/python
16:53:01 busy: 188.3 /tmp/t7_ps/decisio/.venv/bin/python
16:53:06 busy: 191.0 /tmp/t7_ps/decisio/.venv/bin/python
16:53:12 busy: 201.7 /tmp/t7_ps/decisio/.venv/bin/python
16:53:17 busy: 170.2 /tmp/t7_ps/decisio/.venv/bin/python
16:53:22 busy: 193.5 /tmp/t7_ps/decisio/.venv/bin/python
16:53:27 busy: 194.5 /tmp/t7_ps/decisio/.venv/bin/python
16:53:32 busy: 194.7 /tmp/t7_ps/decisio/.venv/bin/python
16:53:37 busy: 195.7 /tmp/t7_ps/decisio/.venv/bin/python
16:53:42 busy: 192.7 /tmp/t7_ps/decisio/.venv/bin/python
16:53:47 busy: 192.7 /tmp/t7_ps/decisio/.venv/bin/python
16:53:52 busy: 196.8 /tmp/t7_ps/decisio/.venv/bin/python
16:53:57 busy: 194.9 /tmp/t7_ps/decisio/.venv/bin/python
16:54:02 busy: 148.2 /tmp/t7_ps/decisio/.venv/bin/python
16:54:07 busy: 195.3 /tmp/t7_ps/decisio/.venv/bin/python
16:54:12 busy: 189.0 /tmp/t7_ps/decisio/.venv/bin/python
16:54:17 busy: 198.7 /tmp/t7_ps/decisio/.venv/bin/python
16:54:22 busy: 209.4 /Applications/Google
16:54:27 busy: 88.8 /tmp/t7_ps/decisio/.venv/bin/python
16:54:37 busy: 194.5 /tmp/t7_ps/decisio/.venv/bin/python
16:54:42 busy: 100.0 /tmp/t7_ps/decisio/.venv/bin/python
16:54:47 busy: 147.1 /tmp/t7_ps/decisio/.venv/bin/python
16:54:52 busy: 104.7 /tmp/t7_ps/decisio/.venv/bin/python
16:54:57 busy: 93.3 /tmp/t7_ps/decisio/.venv/bin/python
16:55:02 busy: 258.6 /tmp/t7_ps/decisio/.venv/bin/python
16:55:07 busy: 186.2 /tmp/t7_ps/decisio/.venv/bin/python
16:55:12 busy: 194.9 /tmp/t7_ps/decisio/.venv/bin/python
16:55:17 busy: 197.8 /tmp/t7_ps/decisio/.venv/bin/python
16:55:22 busy: 194.4 /tmp/t7_ps/decisio/.venv/bin/python
16:55:27 busy: 225.3 /System/Library/PrivateFrameworks/MediaAnalysis.framework/Versions/A/mediaanalysisd
16:55:32 busy: 218.4 /System/Library/PrivateFrameworks/MediaAnalysis.framework/Versions/A/mediaanalysisd
16:55:38 busy: 196.1 /tmp/t7_ps/decisio/.venv/bin/python
16:55:43 busy: 207.8 /System/Library/PrivateFrameworks/MediaAnalysis.framework/Versions/A/mediaanalysisd
16:55:48 busy: 217.3 /System/Library/PrivateFrameworks/MediaAnalysis.framework/Versions/A/mediaanalysisd
16:55:53 busy: 219.8 /System/Library/PrivateFrameworks/MediaAnalysis.framework/Versions/A/mediaanalysisd
16:55:58 busy: 267.7 /System/Library/PrivateFrameworks/MediaAnalysis.framework/Versions/A/mediaanalysisd
16:56:03 busy: 200.6 /tmp/t7_ps/decisio/.venv/bin/python
16:56:08 busy: 203.7 /System/Library/PrivateFrameworks/MediaAnalysis.framework/Versions/A/mediaanalysisd
16:56:13 busy: 207.7 /System/Library/PrivateFrameworks/MediaAnalysis.framework/Versions/A/mediaanalysisd
16:56:18 busy: 214.0 /System/Library/PrivateFrameworks/MediaAnalysis.framework/Versions/A/mediaanalysisd
16:56:23 busy: 219.8 /System/Library/PrivateFrameworks/MediaAnalysis.framework/Versions/A/mediaanalysisd
16:56:28 busy: 212.6 /System/Library/PrivateFrameworks/MediaAnalysis.framework/Versions/A/mediaanalysisd
16:56:33 busy: 215.8 /System/Library/PrivateFrameworks/MediaAnalysis.framework/Versions/A/mediaanalysisd
16:56:38 busy: 215.5 /System/Library/PrivateFrameworks/MediaAnalysis.framework/Versions/A/mediaanalysisd
16:56:43 busy: 197.0 /System/Library/PrivateFrameworks/MediaAnalysis.framework/Versions/A/mediaanalysisd
16:56:48 busy: 195.5 /System/Library/PrivateFrameworks/MediaAnalysis.framework/Versions/A/mediaanalysisd
16:56:53 busy: 187.9 /System/Library/PrivateFrameworks/MediaAnalysis.framework/Versions/A/mediaanalysisd
16:56:58 busy: 215.4 /System/Library/PrivateFrameworks/MediaAnalysis.framework/Versions/A/mediaanalysisd
16:57:03 busy: 183.6 /System/Library/PrivateFrameworks/MediaAnalysis.framework/Versions/A/mediaanalysisd
16:57:08 busy: 199.1 /System/Library/PrivateFrameworks/MediaAnalysis.framework/Versions/A/mediaanalysisd
16:57:13 busy: 225.4 /tmp/t7_ps/decisio/.venv/bin/python
16:57:18 busy: 183.4 /System/Library/PrivateFrameworks/MediaAnalysis.framework/Versions/A/mediaanalysisd
16:57:23 busy: 263.0 /System/Library/PrivateFrameworks/MediaAnalysis.framework/Versions/A/mediaanalysisd
16:57:28 busy: 106.4 /tmp/t7_ps/decisio/.venv/bin/python
16:57:33 busy: 227.2 /tmp/t7_ps/decisio/.venv/bin/python
16:57:38 busy: 177.5 /tmp/t7_ps/decisio/.venv/bin/python
16:57:44 busy: 191.4 /tmp/t7_ps/decisio/.venv/bin/python
16:57:49 busy: 184.3 /tmp/t7_ps/decisio/.venv/bin/python
16:57:54 busy: 197.9 /tmp/t7_ps/decisio/.venv/bin/python
16:57:59 busy: 193.0 /tmp/t7_ps/decisio/.venv/bin/python
16:58:04 busy: 172.4 /tmp/t7_ps/decisio/.venv/bin/python
16:58:09 busy: 194.0 /tmp/t7_ps/decisio/.venv/bin/python
16:58:14 busy: 199.0 /tmp/t7_ps/decisio/.venv/bin/python
16:58:19 busy: 198.0 /tmp/t7_ps/decisio/.venv/bin/python
16:58:24 busy: 194.0 /tmp/t7_ps/decisio/.venv/bin/python
16:58:29 busy: 182.5 /tmp/t7_ps/decisio/.venv/bin/python
16:58:34 busy: 199.8 /tmp/t7_ps/decisio/.venv/bin/python
16:58:39 busy: 194.3 /tmp/t7_ps/decisio/.venv/bin/python
16:58:44 busy: 194.1 /tmp/t7_ps/decisio/.venv/bin/python
16:58:49 busy: 197.7 /tmp/t7_ps/decisio/.venv/bin/python
16:59:14 busy: 40.1 /System/Library/PrivateFrameworks/SkyLight.framework/Resources/WindowServer
16:59:19 busy: 58.0 /System/Library/Frameworks/CoreServices.framework/Versions/A/Frameworks/Metadata.framework/Versions/A/Support/corespotlightd
16:59:24 busy: 28.6 /System/Library/PrivateFrameworks/SkyLight.framework/Resources/WindowServer
16:59:29 busy: 99.6 /tmp/t7_ps/decisio/.venv/bin/python
16:59:39 busy: 257.2 /tmp/t7_ps/decisio/.venv/bin/python
16:59:44 busy: 98.4 /tmp/t7_ps/decisio/.venv/bin/python
16:59:55 busy: 187.6 /tmp/t7_ps/decisio/.venv/bin/python
17:00:00 busy: 86.5 /tmp/t7_ps/decisio/.venv/bin/python
17:00:35 busy: 33.4 /System/Library/PrivateFrameworks/SkyLight.framework/Resources/WindowServer
17:00:40 busy: 31.8 /System/Library/PrivateFrameworks/SkyLight.framework/Resources/WindowServer
17:00:45 busy: 57.7 /Applications/Paseo.app/Contents/Frameworks/Paseo
17:00:50 busy: 30.7 /System/Library/PrivateFrameworks/SkyLight.framework/Resources/WindowServer
17:00:55 busy: 29.8 /System/Library/PrivateFrameworks/SkyLight.framework/Resources/WindowServer
17:01:00 busy: 103.4 /Applications/Paseo.app/Contents/Frameworks/Paseo
17:01:05 busy: 29.5 /System/Library/PrivateFrameworks/SkyLight.framework/Resources/WindowServer
17:01:10 busy: 28.6 /System/Library/PrivateFrameworks/SkyLight.framework/Resources/WindowServer
17:01:15 busy: 79.0 /Applications/Paseo.app/Contents/Frameworks/Paseo
17:01:51 busy: 43.0 Paseo
17:02:01 busy: 30.3 /sbin/launchd
17:02:36 busy: 66.0 Paseo
17:03:06 busy: 26.4 /System/Library/PrivateFrameworks/CloudKitDaemon.framework/Support/cloudd
17:04:12 busy: 42.6 Paseo
17:04:47 busy: 47.3 Paseo
17:04:52 busy: 34.5 /Applications/Xcode.app/Contents/Developer/usr/bin/git
17:05:28 busy: 40.3 Paseo
17:06:18 busy: 196.4 /Applications/Google
17:06:48 busy: 27.5 /Applications/Google
17:07:54 busy: 37.5 /System/Library/PrivateFrameworks/SkyLight.framework/Resources/WindowServer
17:08:24 busy: 152.7 /System/Library/Frameworks/CoreServices.framework/Versions/A/Frameworks/Metadata.framework/Versions/A/Support/corespotlightd
17:08:29 busy: 59.5 /System/Library/Frameworks/WebKit.framework/Versions/A/XPCServices/com.apple.WebKit.WebContent.xpc/Contents/MacOS/com.apple.WebKit.WebContent
17:08:39 busy: 125.1 /System/Library/Frameworks/WebKit.framework/Versions/A/XPCServices/com.apple.WebKit.WebContent.xpc/Contents/MacOS/com.apple.WebKit.WebContent
17:08:45 busy: 93.6 /Applications/Devin.app/Contents/Frameworks/Devin
17:09:00 busy: 44.3 /System/Library/Frameworks/WebKit.framework/Versions/A/XPCServices/com.apple.WebKit.WebContent.xpc/Contents/MacOS/com.apple.WebKit.WebContent
17:09:35 busy: 46.6 Paseo
17:09:40 busy: 34.2 /Applications/BambuStudio.app/Contents/MacOS/BambuStudio
17:10:00 busy: 30.4 /System/Library/PrivateFrameworks/SkyLight.framework/Resources/WindowServer
17:10:31 busy: 49.3 /sbin/launchd
17:11:01 busy: 27.6 /System/Library/PrivateFrameworks/SkyLight.framework/Resources/WindowServer
17:12:47 busy: 44.0 /System/Library/Frameworks/CoreServices.framework/Versions/A/Frameworks/Metadata.framework/Versions/A/Support/mds_stores
17:13:02 busy: 34.9 /Applications/Google
17:13:12 busy: 26.5 /System/Library/PrivateFrameworks/SkyLight.framework/Resources/WindowServer
17:13:43 busy: 130.7 /System/Library/Frameworks/CoreServices.framework/Versions/A/Frameworks/Metadata.framework/Versions/A/Support/corespotlightd
17:14:03 busy: 27.3 /Applications/Google
17:14:38 busy: 42.0 Paseo
17:15:13 busy: 31.6 Paseo
17:15:49 busy: 37.8 Paseo
17:16:29 busy: 51.4 /System/Library/Frameworks/WebKit.framework/Versions/A/XPCServices/com.apple.WebKit.WebContent.xpc/Contents/MacOS/com.apple.WebKit.WebContent
17:16:59 busy: 53.3 /System/Library/Frameworks/WebKit.framework/Versions/A/XPCServices/com.apple.WebKit.WebContent.xpc/Contents/MacOS/com.apple.WebKit.WebContent
17:17:20 busy: 36.7 /Applications/BambuStudio.app/Contents/MacOS/BambuStudio
17:17:30 busy: 28.1 /System/Library/Frameworks/WebKit.framework/Versions/A/XPCServices/com.apple.WebKit.WebContent.xpc/Contents/MacOS/com.apple.WebKit.WebContent
17:18:00 busy: 25.8 /System/Library/PrivateFrameworks/SkyLight.framework/Resources/WindowServer
17:18:15 busy: 35.4 /Applications/Devin.app/Contents/Frameworks/Devin
17:18:56 busy: 98.5 /Applications/Devin.app/Contents/Frameworks/Devin
17:19:41 busy: 46.0 /Applications/Google
17:20:01 busy: 26.6 /System/Library/PrivateFrameworks/SkyLight.framework/Resources/WindowServer
17:20:11 busy: 26.7 /Applications/Google
17:20:47 busy: 39.0 Paseo
17:23:59 busy: 46.6 /usr/libexec/networkserviceproxy
17:24:04 busy: 34.9 rsync
17:25:04 busy: 54.3 /System/Library/PrivateFrameworks/CoreParsec.framework/parsec-fbf
17:25:29 busy: 70.7 /System/Library/Frameworks/WebKit.framework/Versions/A/XPCServices/com.apple.WebKit.WebContent.xpc/Contents/MacOS/com.apple.WebKit.WebContent
17:26:00 busy: 40.9 /System/Library/Frameworks/WebKit.framework/Versions/A/XPCServices/com.apple.WebKit.WebContent.xpc/Contents/MacOS/com.apple.WebKit.WebContent
17:26:20 busy: 36.0 /Applications/Google
17:26:50 busy: 28.4 /Applications/Google
17:27:00 busy: 26.6 /System/Library/PrivateFrameworks/SkyLight.framework/Resources/WindowServer
