05:15:58 busy: 69.1 /System/Library/PrivateFrameworks/MediaAnalysis.framework/Versions/A/mediaanalysisd
05:16:03 busy: 59.2 /System/Library/Frameworks/CoreServices.framework/Versions/A/Frameworks/Metadata.framework
05:16:08 busy: 59.5 /System/Library/Frameworks/CoreServices.framework/Versions/A/Frameworks/Metadata.framework
05:16:13 busy: 68.8 /System/Library/Frameworks/CoreServices.framework/Versions/A/Frameworks/Metadata.framework
05:16:18 busy: 61.7 /System/Library/Frameworks/CoreServices.framework/Versions/A/Frameworks/Metadata.framework
05:16:23 busy: 62.1 /System/Library/Frameworks/CoreServices.framework/Versions/A/Frameworks/Metadata.framework
05:16:28 busy: 73.0 /System/Library/Frameworks/CoreServices.framework/Versions/A/Frameworks/Metadata.framework
05:16:33 busy: 71.0 /System/Library/Frameworks/CoreServices.framework/Versions/A/Frameworks/Metadata.framework
05:16:38 busy: 43.9 /System/Library/Frameworks/CoreServices.framework/Versions/A/Frameworks/Metadata.framework
05:16:43 busy: 71.2 /System/Library/Frameworks/CoreServices.framework/Versions/A/Frameworks/Metadata.framework
05:16:48 busy: 70.0 /System/Library/Frameworks/CoreServices.framework/Versions/A/Frameworks/Metadata.framework
05:16:53 busy: 96.9 /System/Library/PrivateFrameworks/MediaAnalysis.framework/Versions/A/mediaanalysisd
05:16:58 busy: 108.7 /System/Library/PrivateFrameworks/MediaAnalysis.framework/Versions/A/mediaanalysisd
05:17:03 busy: 120.2 /System/Library/PrivateFrameworks/MediaAnalysis.framework/Versions/A/mediaanalysisd
05:17:08 busy: 74.0 /System/Library/Frameworks/CoreServices.framework/Versions/A/Frameworks/Metadata.framework
05:17:14 busy: 88.7 /System/Library/Frameworks/CoreServices.framework/Versions/A/Frameworks/Metadata.framework
05:17:19 busy: 98.8 /System/Library/PrivateFrameworks/MediaAnalysis.framework/Versions/A/mediaanalysisd
05:17:24 busy: 167.3 /System/Library/Frameworks/CoreServices.framework/Versions/A/Frameworks/Metadata.framework
05:17:29 busy: 188.9 /System/Library/Frameworks/CoreServices.framework/Versions/A/Frameworks/Metadata.framework
05:17:34 busy: 123.1 /System/Library/Frameworks/CoreServices.framework/Versions/A/Frameworks/Metadata.framework
05:17:39 busy: 78.6 /System/Library/Frameworks/CoreServices.framework/Versions/A/Frameworks/Metadata.framework
05:17:44 busy: 93.9 /System/Library/Frameworks/CoreServices.framework/Versions/A/Frameworks/Metadata.framework
05:17:49 busy: 96.6 /System/Library/Frameworks/CoreServices.framework/Versions/A/Frameworks/Metadata.framework
05:17:54 busy: 134.4 /System/Library/Frameworks/CoreServices.framework/Versions/A/Frameworks/Metadata.framework
05:17:59 busy: 89.5 /System/Library/PrivateFrameworks/MediaAnalysis.framework/Versions/A/mediaanalysisd
05:18:04 busy: 221.9 /System/Library/Frameworks/CoreServices.framework/Versions/A/Frameworks/Metadata.framework
05:18:09 busy: 115.7 /System/Library/PrivateFrameworks/MediaAnalysis.framework/Versions/A/mediaanalysisd
05:18:14 busy: 77.6 /System/Library/Frameworks/CoreServices.framework/Versions/A/Frameworks/Metadata.framework
05:18:19 busy: 119.6 /System/Library/PrivateFrameworks/MediaAnalysis.framework/Versions/A/mediaanalysisd
05:18:24 busy: 121.9 /System/Library/PrivateFrameworks/MediaAnalysis.framework/Versions/A/mediaanalysisd
05:18:29 busy: 115.8 /System/Library/Frameworks/CoreServices.framework/Versions/A/Frameworks/Metadata.framework
05:18:34 busy: 361.6 /System/Library/Frameworks/CoreServices.framework/Versions/A/Frameworks/Metadata.framework
05:18:39 busy: 134.5 /System/Library/Frameworks/CoreServices.framework/Versions/A/Frameworks/Metadata.framework
05:18:44 busy: 119.8 /System/Library/PrivateFrameworks/MediaAnalysis.framework/Versions/A/mediaanalysisd
05:18:50 busy: 104.7 /System/Library/PrivateFrameworks/MediaAnalysis.framework/Versions/A/mediaanalysisd
05:18:55 busy: 118.5 /System/Library/PrivateFrameworks/MediaAnalysis.framework/Versions/A/mediaanalysisd
05:19:00 busy: 333.2 /System/Library/Frameworks/CoreServices.framework/Versions/A/Frameworks/Metadata.framework
05:19:05 busy: 50.2 /System/Library/Frameworks/CoreServices.framework/Versions/A/Frameworks/Metadata.framework
05:19:10 busy: 85.7 /System/Library/Frameworks/CoreServices.framework/Versions/A/Frameworks/Metadata.framework
05:19:15 busy: 88.2 /System/Library/Frameworks/CoreServices.framework/Versions/A/Frameworks/Metadata.framework
05:19:20 busy: 184.5 /System/Library/Frameworks/CoreServices.framework/Versions/A/Frameworks/Metadata.framework
05:19:25 busy: 122.3 /System/Library/PrivateFrameworks/MediaAnalysis.framework/Versions/A/mediaanalysisd
05:19:30 busy: 116.4 /System/Library/Frameworks/CoreServices.framework/Versions/A/Frameworks/Metadata.framework
05:19:35 busy: 209.2 /System/Library/Frameworks/CoreServices.framework/Versions/A/Frameworks/Metadata.framework
05:19:40 busy: 110.7 /System/Library/Frameworks/CoreServices.framework/Versions/A/Frameworks/Metadata.framework
05:19:45 busy: 259.0 /System/Library/Frameworks/CoreServices.framework/Versions/A/Frameworks/Metadata.framework
05:19:50 busy: 117.8 /System/Library/PrivateFrameworks/MediaAnalysis.framework/Versions/A/mediaanalysisd
05:19:55 busy: 105.7 /System/Library/PrivateFrameworks/MediaAnalysis.framework/Versions/A/mediaanalysisd
05:20:00 busy: 119.7 /System/Library/PrivateFrameworks/MediaAnalysis.framework/Versions/A/mediaanalysisd
05:20:05 busy: 77.4 /System/Library/Frameworks/CoreServices.framework/Versions/A/Frameworks/Metadata.framework
05:20:10 busy: 307.6 /System/Library/Frameworks/CoreServices.framework/Versions/A/Frameworks/Metadata.framework
05:20:15 busy: 93.6 /System/Library/Frameworks/CoreServices.framework/Versions/A/Frameworks/Metadata.framework
05:20:20 busy: 204.2 /System/Library/Frameworks/CoreServices.framework/Versions/A/Frameworks/Metadata.framework
05:20:25 busy: 335.7 /System/Library/Frameworks/CoreServices.framework/Versions/A/Frameworks/Metadata.framework
05:20:31 busy: 140.1 /System/Library/Frameworks/CoreServices.framework/Versions/A/Frameworks/Metadata.framework
05:20:36 busy: 116.4 /System/Library/Frameworks/CoreServices.framework/Versions/A/Frameworks/Metadata.framework
05:20:41 busy: 52.8 /System/Library/Frameworks/CoreServices.framework/Versions/A/Frameworks/Metadata.framework
05:20:46 busy: 69.9 /System/Library/Frameworks/CoreServices.framework/Versions/A/Frameworks/Metadata.framework
05:20:51 busy: 73.9 /System/Library/Frameworks/CoreServices.framework/Versions/A/Frameworks/Metadata.framework
05:20:56 busy: 67.9 /System/Library/Frameworks/CoreServices.framework/Versions/A/Frameworks/Metadata.framework
05:21:01 busy: 63.0 /System/Library/Frameworks/CoreServices.framework/Versions/A/Frameworks/Metadata.framework
05:21:06 busy: 62.5 /System/Library/Frameworks/CoreServices.framework/Versions/A/Frameworks/Metadata.framework
05:21:11 busy: 55.2 /System/Library/Frameworks/CoreServices.framework/Versions/A/Frameworks/Metadata.framework
05:21:31 busy: 43.6 /sbin/launchd
05:21:46 busy: 33.8 /usr/libexec/searchpartyd
05:26:54 QUIET for 5 minutes
