1791465856 1 5633
1791465861 1 5633
1791465866 1 5633
1791465871 1 5633
1791465876 1 5633
1791465881 1 5633
1791465886 1 5633
1791465891 1 5633
1791465896 1 5633
1791465901 1 5633
1791465906 1 5633
1791465911 1 5633
1791465916 1 5633
1791465921 1 5633
1791465926 1 5633
1791465931 1 5633
1791465936 1 5633
1791465941 1 5633
1791465946 1 5633
1791465951 1 5633
1791465956 1 5633
1791465961 1 5633
1791465967 1 5633
1791465972 1 5633
1791465977 1 5633
1791465982 1 5633
1791465987 1 5633
1791465992 1 5633
1791465997 1 5633
1791466002 1 5633
1791466007 1 5633
1791466012 1 5633
1791466017 1 5633
1791466022 1 5633
1791466027 1 5633
1791466032 1 5633
1791466037 1 5633
1791466042 1 5633
1791466047 1 5633
1791466052 1 5633
1791466057 1 5633
1791466062 1 5633
1791466067 1 5633
1791466072 1 5633
1791466077 1 5633
1791466082 1 5633
1791466087 1 5633
1791466092 1 5633
1791466097 1 5633
1791466102 1 5633
1791466107 1 5633
1791466112 1 5633
1791466117 1 5633
1791466122 1 5633
1791466127 1 5633
1791466132 1 5633
1791466137 1 5633
1791466142 1 5633
1791466147 1 5633
1791466152 1 5633
1791466157 1 5633
1791466162 1 5633
1791466167 1 5633
1791466172 1 5633
1791466177 1 5633
1791466182 1 5633
1791466187 2 8223
1791466192 2 8887
1791466197 2 9972
1791466202 2 8773
1791466207 1 9314
1791466212 1 9306
1791466217 1 9274
1791466222 1 9274
1791466228 1 9274
1791466233 1 9274
1791466238 1 9274
1791466243 1 9274
1791466248 1 9266
1791466253 1 9266
1791466258 1 9258
1791466263 1 9258
1791466268 1 9258
1791466273 1 9258
1791466278 1 9250
1791466283 1 9250
1791466288 1 9250
1791466293 1 9250
1791466298 1 9242
1791466303 1 9242
1791466308 1 9242
1791466313 1 9242
1791466318 1 9242
1791466323 1 9242
1791466328 1 9234
1791466333 1 9234
1791466338 2 10569
1791466343 2 9161
1791466348 2 9929
1791466353 2 9929
1791466358 2 9995
1791466363 1 7839
