1791414856 1 4961
1791414861 1 4961
1791414866 1 4961
1791414871 1 4961
1791414876 1 4961
1791414881 1 4961
1791414886 1 4961
1791414891 1 4961
1791414896 1 4961
1791414901 1 4953
1791414906 1 4953
1791414911 1 4953
1791414916 1 4953
1791414921 1 4953
1791414926 1 4953
1791414931 1 4953
1791414936 1 4953
1791414941 1 4953
1791414946 1 4953
1791414951 1 4953
1791414956 1 4953
1791414962 1 4953
1791414967 1 4953
1791414972 1 4953
1791414977 1 4945
1791414982 1 4945
1791414987 1 4945
1791414992 1 4937
1791414997 1 4937
1791415002 1 4937
1791415007 1 4937
1791415012 1 4937
1791415017 1 4937
1791415022 1 4897
1791415027 1 4897
1791415032 1 4897
1791415037 1 4897
1791415042 1 4897
1791415047 1 4897
1791415052 1 4897
1791415057 1 4897
1791415062 1 4897
1791415067 1 4897
1791415072 1 4897
1791415077 1 4889
1791415082 1 4889
1791415087 1 4889
1791415092 1 4889
1791415097 1 4889
1791415102 1 4889
1791415107 1 4889
1791415112 1 4889
1791415117 1 4889
1791415122 1 4889
1791415127 1 4889
1791415132 1 4889
1791415137 1 4889
1791415142 1 4889
1791415147 1 4889
1791415152 1 4889
1791415157 1 4889
1791415162 1 4889
1791415167 1 4889
1791415172 1 4889
1791415177 1 4889
1791415182 2 4999
1791415187 1 4975
1791415192 1 4975
1791415197 1 4975
1791415202 1 4975
1791415207 1 4975
1791415212 1 4967
1791415217 1 4967
1791415222 1 4967
1791415227 1 4967
1791415232 1 4967
1791415237 1 4967
1791415242 1 4967
1791415247 1 4967
1791415252 1 4967
1791415257 1 4967
1791415262 1 4967
1791415267 1 4967
1791415273 1 4967
1791415278 1 4967
1791415283 1 4967
1791415288 1 4967
1791415293 1 4967
1791415298 1 4967
1791415303 1 4967
1791415308 1 4967
1791415313 1 4967
1791415318 1 4967
1791415323 1 4967
